Microchip MPLAB XC8 Compiler V2.32

Linker command line:

-W-3 --edf=C:\Program Files\Microchip\xc8\v2.32\pic\dat\en_msgs.txt -cn \
  -h+dist/default/production\7SD-PIC18F45K22.X.production.sym \
  --cmf=dist/default/production\7SD-PIC18F45K22.X.production.cmf -z \
  -Q18F45K22 -oC:\Users\neon\AppData\Local\Temp\xcAspmc.4 \
  --defsym=__MPLAB_BUILD=1 \
  -Mdist/default/production/7SD-PIC18F45K22.X.production.map -E1 \
  -ver=XC8 Compiler --acfsm=1493 -ASTACK=0AEh-05FFh -pstack=STACK \
  -ACODE=00h-07FFFh -ACONST=00h-07FFFh -ASMALLCONST=0600h-06FFhx122 \
  -AMEDIUMCONST=0600h-07FFFh -ACOMRAM=01h-05Fh -AABS1=00h-05FFh \
  -ABIGRAM=01h-05FFh -ARAM=060h-0FFh,0100h-01FFhx5 -ABANK0=060h-0FFh \
  -ABANK1=0100h-01FFh -ABANK2=0200h-02FFh -ABANK3=0300h-03FFh \
  -ABANK4=0400h-04FFh -ABANK5=0500h-05FFh -ASFR=0F38h-0F5Fh,0F60h-0FFFh \
  -ACONFIG=0300000h-030000Dh -AIDLOC=0200000h-0200007h \
  -AEEDATA=0F00000h-0F000FFh -peeprom_data=EEDATA \
  -preset_vec=00h,intcode=08h,intcodelo,powerup,init -pramtop=0600h \
  -psmallconst=SMALLCONST -pmediumconst=MEDIUMCONST -pconst=CONST \
  -AFARRAM=00h-00h \
  -prdata=COMRAM,nvrram=COMRAM,nvbit=COMRAM,rbss=COMRAM,rbit=COMRAM \
  -pfarbss=FARRAM,fardata=FARRAM,nvFARRAM=FARRAM \
  -pintsave_regs=BIGRAM,bigbss=BIGRAM,bigdata=BIGRAM -pbss=RAM \
  -pidata=CODE,irdata=CODE,ibigdata=CODE,ifardata=CODE -prparam=COMRAM \
  C:\Users\neon\AppData\Local\Temp\xcAspmc.o \
  dist/default/production\7SD-PIC18F45K22.X.production.o 

Object code version is 3.11

Machine type is 18F45K22



                Name                               Link     Load   Length Selector   Space Scale
C:\Users\neon\AppData\Local\Temp\xcAspmc.o
                idloc                            200000   200000        8        0       5
                config                           300000   300000        E        0       4
                init                                 84       84        4        4       0
                reset_vec                             0        0        4        0       0
dist/default/production\7SD-PIC18F45K22.X.production.o
                intcode                               8        8       7C        4       0
                idloc                            200000   200000        8        0       5
                config                           300000   300000        E        0       4
                temp                                 37       37        1        1       1
                smallconst                          600      600       12      300       0
                text6                               E9C      E9C       74      309       0
                text5                               F10      F10       64      309       0
                text4                               F74      F74       26      309       0
                text3                               612      612      512      309       0
                text1                               B24      B24      1F0      309       0
                text0                               D14      D14      188      309       0
                cstackCOMRAM                          1        1       36        1       1
                cstackBANK0                          AB       AB        3       60       1
                bssBANK0                             60       60       4B       60       1
                cinit                               F9A      F9A       1E      309       0

TOTAL           Name                               Link     Load   Length     Space
        CLASS   STACK          

        CLASS   CODE           
                intcode                               8        8       7C         0
                init                                 84       84        4         0
                reset_vec                             0        0        4         0
                text6                               E9C      E9C       74         0
                text5                               F10      F10       64         0
                text4                               F74      F74       26         0
                text3                               612      612      512         0
                text1                               B24      B24      1F0         0
                text0                               D14      D14      188         0
                cinit                               F9A      F9A       1E         0

        CLASS   CONST          

        CLASS   SMALLCONST     
                smallconst                          600      600       12         0

        CLASS   MEDIUMCONST    

        CLASS   COMRAM         
                temp                                 37       37        1         1
                cstackCOMRAM                          1        1       36         1

        CLASS   ABS1           

        CLASS   BIGRAM         

        CLASS   RAM            

        CLASS   BANK0          
                cstackBANK0                          AB       AB        3         1
                bssBANK0                             60       60       4B         1

        CLASS   BANK1          

        CLASS   BANK2          

        CLASS   BANK3          

        CLASS   BANK4          

        CLASS   BANK5          

        CLASS   SFR            

        CLASS   CONFIG         
                config                           300000   300000        E         4

        CLASS   IDLOC          
                idloc                            200000   200000        8         5

        CLASS   EEDATA         

        CLASS   FARRAM         



SEGMENTS        Name                           Load    Length   Top    Selector   Space  Class

                reset_vec                      000000  000004  000004         0       0  CODE    
                cstackCOMRAM                   000001  000037  000038         1       1  COMRAM  
                intcode                        000008  000080  000088         4       0  CODE    
                bssBANK0                       000060  00004E  0000AE        60       1  BANK0   
                smallconst                     000600  000012  000612       300       0  SMALLCON
                text3                          000612  0009A6  000FB8       309       0  CODE    


UNUSED ADDRESS RANGES

        Name                Unused          Largest block    Delta
        BANK0            0000AE-0000FF               52
        BANK1            000100-0001FF              100
        BANK2            000200-0002FF              100
        BANK3            000300-0003FF              100
        BANK4            000400-0004FF              100
        BANK5            000500-0005FF              100
        BIGRAM           000038-00005F               28
                         0000AE-0005FF              552
        CODE             000004-000007                4
                         000088-0005FF              578
                         000FB8-007FFF             7048
        COMRAM           000038-00005F               28
        CONST            000004-000007                4
                         000088-0005FF              578
                         000FB8-007FFF             7048
        EEDATA           F00000-F000FF              100
        MEDIUMCONST      000FB8-007FFF             7048
        RAM              0000AE-0005FF              100
        SFR              000F38-000FFF               28
        SMALLCONST       000FB8-007FFF              100
        STACK            0000AE-0005FF              552

                                  Symbol Table

?___lwdiv                            cstackCOMRAM 000001
?___lwmod                            cstackCOMRAM 000001
?___wmul                             cstackCOMRAM 000001
_ANSELA                              (abs)        000F38
_ANSELB                              (abs)        000F39
_ANSELC                              (abs)        000F3A
_ANSELD                              (abs)        000F3B
_ANSELE                              (abs)        000F3C
_INTCON                              (abs)        000FF2
_INTCONbits                          (abs)        000FF2
_ISR                                 intcode      000008
_OSCCONbits                          (abs)        000FD3
_PIE1bits                            (abs)        000F9D
_PIR1bits                            (abs)        000F9E
_PORTB                               (abs)        000F81
_PORTBbits                           (abs)        000F81
_PORTD                               (abs)        000F83
_T1CONbits                           (abs)        000FCD
_TMR1H                               (abs)        000FCF
_TMR1L                               (abs)        000FCE
_TRISB                               (abs)        000F93
_TRISBbits                           (abs)        000F93
_TRISD                               (abs)        000F95
_WPUB                                (abs)        000F61
__HRAM                               (abs)        000000
__Habs1                              abs1         000000
__Hbank0                             bank0        000000
__Hbank1                             bank1        000000
__Hbank2                             bank2        000000
__Hbank3                             bank3        000000
__Hbank4                             bank4        000000
__Hbank5                             bank5        000000
__Hbigbss                            bigbss       000000
__Hbigdata                           bigdata      000000
__Hbigram                            bigram       000000
__Hbss                               bss          000000
__HbssBANK0                          bssBANK0     000000
__Hcinit                             cinit        000000
__Hclrtext                           clrtext      000000
__Hcomram                            comram       000000
__Hconfig                            config       30000E
__Hconst                             const        000000
__HcstackBANK0                       cstackBANK0  000000
__HcstackCOMRAM                      cstackCOMRAM 000000
__Hdata                              data         000000
__Heeprom_data                       eeprom_data  000000
__Hfarbss                            farbss       000000
__Hfardata                           fardata      000000
__Hibigdata                          ibigdata     000000
__Hidata                             idata        000000
__Hidloc                             idloc        200008
__Hifardata                          ifardata     000000
__Hinit                              init         000088
__Hintcode                           intcode      000084
__Hintcode_body                      intcode_body 000000
__Hintcodelo                         intcodelo    000084
__Hintentry                          intentry     000000
__Hintret                            intret       000000
__Hintsave_regs                      intsave_regs 000000
__Hirdata                            irdata       000000
__Hmediumconst                       mediumconst  000000
__HnvFARRAM                          nvFARRAM     000000
__Hnvbit                             nvbit        000000
__Hnvrram                            nvrram       000000
__Hparam                             rparam       000000
__Hpowerup                           powerup      000084
__Hram                               ram          000000
__Hramtop                            ramtop       000600
__Hrbit                              rbit         000000
__Hrbss                              rbss         000000
__Hrdata                             rdata        000000
__Hreset_vec                         reset_vec    000004
__Hrparam                            rparam       000000
__Hsfr                               sfr          000000
__Hsmallconst                        smallconst   000612
__Hspace_0                           (abs)        000FB8
__Hspace_1                           (abs)        0000AE
__Hspace_2                           (abs)        000000
__Hspace_4                           (abs)        60000E
__Hstack                             stack        000000
__Hstruct                            struct       000000
__Htemp                              temp         000038
__Htext                              text         000000
__Htext0                             text0        000000
__Htext1                             text1        000000
__Htext3                             text3        000000
__Htext4                             text4        000000
__Htext5                             text5        000000
__Htext6                             text6        000000
__LRAM                               (abs)        000001
__Labs1                              abs1         000000
__Lbank0                             bank0        000000
__Lbank1                             bank1        000000
__Lbank2                             bank2        000000
__Lbank3                             bank3        000000
__Lbank4                             bank4        000000
__Lbank5                             bank5        000000
__Lbigbss                            bigbss       000000
__Lbigdata                           bigdata      000000
__Lbigram                            bigram       000000
__Lbss                               bss          000000
__LbssBANK0                          bssBANK0     000000
__Lcinit                             cinit        000000
__Lclrtext                           clrtext      000000
__Lcomram                            comram       000000
__Lconfig                            config       000000
__Lconst                             const        000000
__LcstackBANK0                       cstackBANK0  000000
__LcstackCOMRAM                      cstackCOMRAM 000000
__Ldata                              data         000000
__Leeprom_data                       eeprom_data  000000
__Lfarbss                            farbss       000000
__Lfardata                           fardata      000000
__Libigdata                          ibigdata     000000
__Lidata                             idata        000000
__Lidloc                             idloc        000000
__Lifardata                          ifardata     000000
__Linit                              init         000084
__Lintcode                           intcode      000008
__Lintcode_body                      intcode_body 000000
__Lintcodelo                         intcodelo    000084
__Lintentry                          intentry     000000
__Lintret                            intret       000000
__Lintsave_regs                      intsave_regs 000000
__Lirdata                            irdata       000000
__Lmediumconst                       mediumconst  000000
__LnvFARRAM                          nvFARRAM     000000
__Lnvbit                             nvbit        000000
__Lnvrram                            nvrram       000000
__Lparam                             rparam       000000
__Lpowerup                           powerup      000084
__Lram                               ram          000000
__Lramtop                            ramtop       000600
__Lrbit                              rbit         000000
__Lrbss                              rbss         000000
__Lrdata                             rdata        000000
__Lreset_vec                         reset_vec    000000
__Lrparam                            rparam       000000
__Lsfr                               sfr          000000
__Lsmallconst                        smallconst   000600
__Lspace_0                           (abs)        000000
__Lspace_1                           (abs)        000000
__Lspace_2                           (abs)        000000
__Lspace_4                           (abs)        000000
__Lstack                             stack        000000
__Lstruct                            struct       000000
__Ltemp                              temp         000037
__Ltext                              text         000000
__Ltext0                             text0        000000
__Ltext1                             text1        000000
__Ltext3                             text3        000000
__Ltext4                             text4        000000
__Ltext5                             text5        000000
__Ltext6                             text6        000000
__S0                                 (abs)        000FB8
__S1                                 (abs)        0000AE
__S2                                 (abs)        000000
__S4                                 (abs)        000000
__S5                                 (abs)        000000
___inthi_sp                          stack        000000
___intlo_sp                          stack        000000
___lwdiv                             text6        000E9C
___lwdiv@counter                     cstackCOMRAM 000007
___lwdiv@dividend                    cstackCOMRAM 000001
___lwdiv@divisor                     cstackCOMRAM 000003
___lwdiv@quotient                    cstackCOMRAM 000005
___lwmod                             text5        000F10
___lwmod@counter                     cstackCOMRAM 000005
___lwmod@dividend                    cstackCOMRAM 000001
___lwmod@divisor                     cstackCOMRAM 000003
___param_bank                        (abs)        000000
___rparam_used                       (abs)        000001
___sp                                stack        000000
___wmul                              text4        000F74
___wmul@multiplicand                 cstackCOMRAM 000003
___wmul@multiplier                   cstackCOMRAM 000001
___wmul@product                      cstackCOMRAM 000005
__accesstop                          (abs)        000060
__activetblptr                       (abs)        000001
__end_of_ISR                         intcode      000084
__end_of___lwdiv                     text6        000F10
__end_of___lwmod                     text5        000F74
__end_of___wmul                      text4        000F9A
__end_of__initialization             cinit        000FA6
__end_of_char_map                    smallconst   000611
__end_of_main                        text0        000E9C
__end_of_sev_seg_init                text1        000D14
__end_of_sev_seg_scan                text3        000B24
__initialization                     cinit        000F9A
__mediumconst                        mediumconst  000000
__pbssBANK0                          bssBANK0     000060
__pcinit                             cinit        000F9A
__pcstackBANK0                       cstackBANK0  0000AB
__pcstackCOMRAM                      cstackCOMRAM 000001
__pintcode                           intcode      000008
__psmallconst                        smallconst   000600
__ptext0                             text0        000D14
__ptext1                             text1        000B24
__ptext3                             text3        000612
__ptext4                             text4        000F74
__ptext5                             text5        000F10
__ptext6                             text6        000E9C
__ramtop                             ramtop       000600
__size_of_ISR                        (abs)        000000
__size_of___lwdiv                    (abs)        000000
__size_of___lwmod                    (abs)        000000
__size_of___wmul                     (abs)        000000
__size_of_main                       (abs)        000000
__size_of_sev_seg_init               (abs)        000000
__size_of_sev_seg_scan               (abs)        000000
__smallconst                         smallconst   000600
_char_map                            smallconst   000601
_main                                text0        000D14
_sev_seg_init                        text1        000B24
_sev_seg_scan                        text3        000612
_seven_segment                       bssBANK0     000060
btemp                                temp         000037
end_of_initialization                cinit        000FA6
int$flags                            temp         000037
intlevel0                            text         000000
intlevel1                            text         000000
intlevel2                            text         000000
intlevel3                            text         000000
isa$std                              (abs)        000001
isa$xinst                            (abs)        000000
main@i                               cstackBANK0  0000AC
main@i_532                           cstackBANK0  0000AD
main@i_553                           cstackBANK0  0000AB
sev_seg_init@i                       cstackCOMRAM 000033
sev_seg_init@i_437                   cstackCOMRAM 000034
sev_seg_init@sev_seg                 cstackCOMRAM 000028
sev_seg_scan@digit_val               cstackCOMRAM 000018
sev_seg_scan@i                       cstackCOMRAM 00001A
sev_seg_scan@i_459                   cstackCOMRAM 00001B
sev_seg_scan@i_463                   cstackCOMRAM 00001C
sev_seg_scan@i_464                   cstackCOMRAM 000019
sev_seg_scan@i_465                   cstackCOMRAM 000016
sev_seg_scan@i_466                   cstackCOMRAM 00001D
sev_seg_scan@is_special_char_enabled cstackCOMRAM 000015
sev_seg_scan@j                       cstackCOMRAM 000017
sev_seg_scan@sev_seg                 cstackCOMRAM 000008
stackhi                              (abs)        0005FF
stacklo                              (abs)        0000AE
start                                init         000084
start_initialization                 cinit        000F9A
ttemp5                               temp         000038
ttemp6                               temp         00003B
ttemp7                               temp         00003F
wtemp8                               temp         000038


MODULE INFORMATION

Module		Function		Class		Link	Load	Size
C:\Program Files\Microchip\xc8\v2.32\pic\sources\c99\common\lwmod.c
		___lwmod       		CODE           	0F10	0000	100

C:\Program Files\Microchip\xc8\v2.32\pic\sources\c99\common\lwmod.c estimated size: 100

C:\Program Files\Microchip\xc8\v2.32\pic\sources\c99\common\Umul16.c
		___wmul        		CODE           	0F74	0000	38

C:\Program Files\Microchip\xc8\v2.32\pic\sources\c99\common\Umul16.c estimated size: 38

shared
		__initialization		CODE           	0F9A	0000	12
		_char_map      		SMALLCONST     	0601	0000	16

shared estimated size: 28

C:\Program Files\Microchip\xc8\v2.32\pic\sources\c99\common\lwdiv.c
		___lwdiv       		CODE           	0E9C	0000	116

C:\Program Files\Microchip\xc8\v2.32\pic\sources\c99\common\lwdiv.c estimated size: 116

main.c
		_ISR           		CODE           	0008	0000	124
		_sev_seg_scan  		CODE           	0612	0000	1298
		_sev_seg_init  		CODE           	0B24	0000	496
		_main          		CODE           	0D14	0000	392

main.c estimated size: 2310

